
> ubuntu@0.0.0 build
> tsc -b && vite build

src/os/ubuntu/apps/Browser/Browser.tsx(1,31): error TS6133: 'useCallback' is declared but its value is never read.
src/os/ubuntu/apps/FileManager/FileManager.tsx(4,10): error TS6133: 'mkdir' is declared but its value is never read.
src/os/ubuntu/apps/FileManager/FileManager.tsx(4,17): error TS6133: 'writeFile' is declared but its value is never read.
src/os/ubuntu/apps/FileManager/FileManager.tsx(4,28): error TS6133: 'removeNode' is declared but its value is never read.
src/os/ubuntu/apps/FileManager/FileManager.tsx(15,1): error TS6133: 'hasPermission' is declared but its value is never read.
src/os/ubuntu/apps/FileManager/FileManager.tsx(122,10): error TS6133: 'cwdNode' is declared but its value is never read.
src/os/ubuntu/apps/FileManager/FileManager.tsx(233,15): error TS2322: Type 'Promise<void>' is not assignable to type 'string'.
src/os/ubuntu/apps/FileManager/FileManager.tsx(462,36): error TS2345: Argument of type '(state: VFSStore) => VFSStore | { map: any; }' is not assignable to parameter of type 'VFSStore | Partial<VFSStore> | ((state: VFSStore) => VFSStore | Partial<VFSStore>)'.
  Type '(state: VFSStore) => VFSStore | { map: any; }' is not assignable to type '(state: VFSStore) => VFSStore | Partial<VFSStore>'.
    Type 'VFSStore | { map: any; }' is not assignable to type 'VFSStore | Partial<VFSStore>'.
      Type '{ map: any; }' is not assignable to type 'VFSStore | Partial<VFSStore>'.
src/os/ubuntu/apps/FileManager/FileManager.tsx(577,37): error TS1308: 'await' expressions are only allowed within async functions and at the top levels of modules.
src/os/ubuntu/apps/FileManager/FileManager.tsx(584,37): error TS1308: 'await' expressions are only allowed within async functions and at the top levels of modules.
src/os/ubuntu/apps/FileManager/FileManager.tsx(639,37): error TS1308: 'await' expressions are only allowed within async functions and at the top levels of modules.
src/os/ubuntu/apps/FileManager/FileManager.tsx(823,40): error TS2339: Property 'idToIno' does not exist on type 'VFSStore'.
src/os/ubuntu/apps/FileManager/FileManager.tsx(824,48): error TS2339: Property 'inodeTable' does not exist on type 'VFSStore'.
src/os/ubuntu/apps/FileManager/FileManager.tsx(851,112): error TS2769: No overload matches this call.
  Overload 1 of 4, '(value: string | number | Date): Date', gave the following error.
    Argument of type 'number | undefined' is not assignable to parameter of type 'string | number | Date'.
      Type 'undefined' is not assignable to type 'string | number | Date'.
  Overload 2 of 4, '(value: string | number): Date', gave the following error.
    Argument of type 'number | undefined' is not assignable to parameter of type 'string | number'.
      Type 'undefined' is not assignable to type 'string | number'.
src/os/ubuntu/apps/FileManager/FileManager.tsx(852,113): error TS2769: No overload matches this call.
  Overload 1 of 4, '(value: string | number | Date): Date', gave the following error.
    Argument of type 'number | undefined' is not assignable to parameter of type 'string | number | Date'.
      Type 'undefined' is not assignable to type 'string | number | Date'.
  Overload 2 of 4, '(value: string | number): Date', gave the following error.
    Argument of type 'number | undefined' is not assignable to parameter of type 'string | number'.
      Type 'undefined' is not assignable to type 'string | number'.
src/os/ubuntu/apps/FileManager/components/BreadcrumbBar.tsx(2,1): error TS6133: 'useVFSStore' is declared but its value is never read.
src/os/ubuntu/apps/FileManager/components/BreadcrumbBar.tsx(31,24): error TS6133: 'id' is declared but its value is never read.
src/os/ubuntu/apps/FileManager/components/BreadcrumbBar.tsx(32,11): error TS7034: Variable 'segments' implicitly has type 'any[]' in some locations where its type cannot be determined.
src/os/ubuntu/apps/FileManager/components/BreadcrumbBar.tsx(36,19): error TS2339: Property 'parentId' does not exist on type 'never'.
src/os/ubuntu/apps/FileManager/components/BreadcrumbBar.tsx(42,12): error TS7005: Variable 'segments' implicitly has an 'any[]' type.
src/os/ubuntu/apps/FileManager/components/FileList.tsx(254,25): error TS2345: Argument of type 'number | undefined' is not assignable to parameter of type 'number'.
  Type 'undefined' is not assignable to type 'number'.
src/os/ubuntu/apps/FileManager/components/FileManagerHeaderControls.tsx(2,1): error TS6133: 'useVFSStore' is declared but its value is never read.
src/os/ubuntu/apps/FileManager/components/FileManagerHeaderControls.tsx(80,11): error TS7034: Variable 'segments' implicitly has type 'any[]' in some locations where its type cannot be determined.
src/os/ubuntu/apps/FileManager/components/FileManagerHeaderControls.tsx(84,19): error TS2339: Property 'parentId' does not exist on type 'never'.
src/os/ubuntu/apps/FileManager/components/FileManagerHeaderControls.tsx(90,12): error TS7005: Variable 'segments' implicitly has an 'any[]' type.
src/os/ubuntu/apps/FileManager/components/FileManagerHeaderControls.tsx(100,22): error TS2339: Property 'type' does not exist on type '"/"'.
src/os/ubuntu/apps/FileManager/components/FileManagerHeaderControls.tsx(101,23): error TS2339: Property 'id' does not exist on type '"/"'.
src/os/ubuntu/apps/FileManager/components/FileManagerHeaderControls.tsx(101,32): error TS2339: Property 'name' does not exist on type '"/"'.
src/os/ubuntu/apps/FileManager/components/Sidebar.tsx(15,21): error TS6133: 'path' is declared but its value is never read.
src/os/ubuntu/apps/FileManager/components/Sidebar.tsx(17,24): error TS2339: Property 'id' does not exist on type 'never'.
src/os/ubuntu/apps/Settings/panels/Privacy/FileHistoryPage.tsx(12,11): error TS2339: Property 'map' does not exist on type 'VFSStore'.
src/os/ubuntu/apps/Settings/panels/Privacy/FileHistoryPage.tsx(12,16): error TS2339: Property 'deleteNode' does not exist on type 'VFSStore'.
src/os/ubuntu/apps/Settings/panels/Sharing/SharingPanel.tsx(6,9): error TS6133: 'vfsStore' is declared but its value is never read.
src/os/ubuntu/apps/Settings/panels/Sharing/SharingPanel.tsx(16,22): error TS2339: Property 'type' does not exist on type 'never'.
src/os/ubuntu/apps/Settings/panels/System/AboutPage.tsx(6,9): error TS6133: 'vfsStore' is declared but its value is never read.
src/os/ubuntu/apps/Settings/panels/System/AboutPage.tsx(17,22): error TS2339: Property 'type' does not exist on type 'never'.
src/os/ubuntu/apps/Settings/panels/System/UsersPage.tsx(54,34): error TS2339: Property 'resolvePath' does not exist on type 'VFSStore'.
src/os/ubuntu/apps/Settings/panels/System/UsersPage.tsx(58,38): error TS7006: Parameter 'line' implicitly has an 'any' type.
src/os/ubuntu/apps/Settings/panels/System/UsersPage.tsx(66,17): error TS2339: Property 'updateContent' does not exist on type 'VFSStore'.
src/os/ubuntu/apps/SystemMonitor/SystemMonitor.tsx(1,8): error TS6133: 'React' is declared but its value is never read.
src/os/ubuntu/apps/SystemMonitor/SystemMonitor.tsx(1,28): error TS6133: 'useState' is declared but its value is never read.
src/os/ubuntu/apps/SystemMonitor/SystemMonitor.tsx(2,29): error TS1484: 'Process' is a type and must be imported using a type-only import when 'verbatimModuleSyntax' is enabled.
src/os/ubuntu/apps/Terminal/Terminal.tsx(1,8): error TS6133: 'React' is declared but its value is never read.
src/os/ubuntu/apps/Terminal/Terminal.tsx(1,46): error TS6133: 'useCallback' is declared but its value is never read.
src/os/ubuntu/apps/Terminal/Terminal.tsx(60,25): error TS6133: 'cols' is declared but its value is never read.
src/os/ubuntu/apps/Terminal/Terminal.tsx(60,39): error TS6133: 'rows' is declared but its value is never read.
src/os/ubuntu/apps/Terminal/Terminal.tsx(65,22): error TS2339: Property 'isFocused' does not exist on type '{ appState: any; }'.
src/os/ubuntu/apps/Terminal/Terminal.tsx(68,20): error TS2339: Property 'isFocused' does not exist on type '{ appState: any; }'.
src/os/ubuntu/apps/Terminal/Terminal.tsx(102,40): error TS6133: 'windowId' is declared but its value is never read.
src/os/ubuntu/apps/Terminal/commands/fileOps.ts(348,19): error TS6133: 'stat' is declared but its value is never read.
src/os/ubuntu/apps/Terminal/commands/fileOps.ts(494,33): error TS6133: 'resolveRelativePathAsync' is declared but its value is never read.
src/os/ubuntu/apps/Terminal/commands/misc.ts(7,44): error TS6133: 'env' is declared but its value is never read.
src/os/ubuntu/apps/Terminal/commands/misc.ts(11,39): error TS6133: 'args' is declared but its value is never read.
src/os/ubuntu/apps/Terminal/commands/misc.ts(11,45): error TS6133: 'env' is declared but its value is never read.
src/os/ubuntu/apps/Terminal/commands/misc.ts(16,38): error TS6133: 'args' is declared but its value is never read.
src/os/ubuntu/apps/Terminal/commands/misc.ts(16,44): error TS6133: 'env' is declared but its value is never read.
src/os/ubuntu/apps/Terminal/commands/misc.ts(83,48): error TS6133: 'args' is declared but its value is never read.
src/os/ubuntu/apps/Terminal/commands/misc.ts(83,54): error TS6133: 'env' is declared but its value is never read.
src/os/ubuntu/apps/Terminal/commands/misc.ts(95,42): error TS6133: 'args' is declared but its value is never read.
src/os/ubuntu/apps/Terminal/commands/misc.ts(109,39): error TS6133: 'args' is declared but its value is never read.
src/os/ubuntu/apps/Terminal/commands/misc.ts(109,45): error TS6133: 'env' is declared but its value is never read.
src/os/ubuntu/apps/Terminal/commands/misc.ts(119,40): error TS6133: 'args' is declared but its value is never read.
src/os/ubuntu/apps/Terminal/commands/navigation.ts(6,43): error TS6133: 'args' is declared but its value is never read.
src/os/ubuntu/apps/Terminal/commands/sysInfo.ts(16,40): error TS6133: 'args' is declared but its value is never read.
src/os/ubuntu/apps/Terminal/commands/sysInfo.ts(31,45): error TS6133: 'env' is declared but its value is never read.
src/os/ubuntu/apps/Terminal/commands/sysInfo.ts(50,38): error TS6133: 'args' is declared but its value is never read.
src/os/ubuntu/apps/Terminal/commands/sysInfo.ts(50,44): error TS6133: 'env' is declared but its value is never read.
src/os/ubuntu/apps/Terminal/commands/sysInfo.ts(77,40): error TS6133: 'args' is declared but its value is never read.
src/os/ubuntu/apps/Terminal/commands/sysInfo.ts(77,46): error TS6133: 'env' is declared but its value is never read.
src/os/ubuntu/apps/Terminal/commands/sysInfo.ts(102,44): error TS6133: 'env' is declared but its value is never read.
src/os/ubuntu/apps/Terminal/commands/sysInfo.ts(125,37): error TS6133: 'args' is declared but its value is never read.
src/os/ubuntu/apps/Terminal/commands/sysInfo.ts(125,43): error TS6133: 'env' is declared but its value is never read.
src/os/ubuntu/apps/Terminal/commands/textOps.ts(3,1): error TS6133: 'getAuthContext' is declared but its value is never read.
src/os/ubuntu/apps/Terminal/commands/types.ts(1,1): error TS6133: 'CommandResult' is declared but its value is never read.
src/os/ubuntu/apps/Terminal/commands/userMgmt.ts(73,18): error TS2339: Property 'length' does not exist on type 'Promise<string[]>'.
src/os/ubuntu/apps/Terminal/commands/userMgmt.ts(77,34): error TS2339: Property 'join' does not exist on type 'Promise<string[]>'.
src/os/ubuntu/apps/TextEditor/hooks/useTextEditor.ts(150,54): error TS2304: Cannot find name 'updateAppState'.
src/os/ubuntu/components/Dock/Dock.tsx(10,10): error TS6133: 'useVFSStore' is declared but its value is never read.
src/os/ubuntu/fs/fd.ts(2,10): error TS6133: 'stat' is declared but its value is never read.
src/os/ubuntu/fs/fd.ts(3,1): error TS6133: 'virtualDevices' is declared but its value is never read.
src/os/ubuntu/fs/fd.ts(32,84): error TS6133: 'euid' is declared but its value is never read.
src/os/ubuntu/fs/fd.ts(32,98): error TS6133: 'egid' is declared but its value is never read.
src/os/ubuntu/hooks/useWindowAPI.ts(3,1): error TS6133: 'WindowState' is declared but its value is never read.
