src/os/ubuntu/apps/Terminal/Terminal.tsx(4,1): error TS6133: 'TerminalPreferences' is declared but its value is never read.
src/os/ubuntu/apps/Terminal/Terminal.tsx(20,34): error TS2339: Property 'closeWindow' does not exist on type 'WindowAPI'.
src/os/ubuntu/apps/Terminal/Terminal.tsx(212,9): error TS6133: 'displayCwd' is declared but its value is never read.
src/os/ubuntu/apps/Terminal/commandParser/expand.ts(137,31): error TS6133: 'match' is declared but its value is never read.
src/os/ubuntu/apps/Terminal/commands/apt.ts(88,13): error TS6133: 'pkg' is declared but its value is never read.
src/os/ubuntu/apps/Terminal/commands/apt.ts(173,18): error TS6133: 'p' is declared but its value is never read.
src/os/ubuntu/apps/Terminal/commands/apt.ts(225,44): error TS6133: 'env' is declared but its value is never read.
src/os/ubuntu/apps/Terminal/commands/archiveOps.ts(299,32): error TS2339: Property 'rm' does not exist on type 'typeof import("/home/abino/clean-workspace/DOMinion/src/os/ubuntu/fs/operations")'.
src/os/ubuntu/apps/Terminal/commands/archiveOps.ts(336,32): error TS2339: Property 'rm' does not exist on type 'typeof import("/home/abino/clean-workspace/DOMinion/src/os/ubuntu/fs/operations")'.
src/os/ubuntu/apps/Terminal/commands/installable/cowsay.ts(3,46): error TS6133: 'env' is declared but its value is never read.
src/os/ubuntu/apps/Terminal/commands/installable/figlet.ts(34,46): error TS6133: 'env' is declared but its value is never read.
src/os/ubuntu/apps/Terminal/commands/installable/fortune.ts(19,41): error TS6133: 'args' is declared but its value is never read.
src/os/ubuntu/apps/Terminal/commands/installable/fortune.ts(19,47): error TS6133: 'env' is declared but its value is never read.
src/os/ubuntu/apps/Terminal/commands/installable/htop.ts(3,44): error TS6133: 'args' is declared but its value is never read.
src/os/ubuntu/apps/Terminal/commands/installable/neofetch.ts(3,42): error TS6133: 'args' is declared but its value is never read.
src/os/ubuntu/apps/Terminal/commands/installable/neofetch.ts(4,28): error TS2339: Property 'APP_BOOT_TIME' does not exist on type 'Window & typeof globalThis'.
src/os/ubuntu/apps/Terminal/commands/installable/neofetch.ts(4,73): error TS2339: Property 'APP_BOOT_TIME' does not exist on type 'Window & typeof globalThis'.
src/os/ubuntu/apps/Terminal/commands/installable/sl.ts(3,42): error TS6133: 'args' is declared but its value is never read.
src/os/ubuntu/apps/Terminal/commands/sysInfo.ts(194,39): error TS6133: 'args' is declared but its value is never read.
src/os/ubuntu/apps/Terminal/commands/testCmd.ts(5,58): error TS6133: 'streams' is declared but its value is never read.
src/os/ubuntu/apps/Terminal/commands/testCmd.ts(64,23): error TS2339: Property 'size' does not exist on type 'VFSNode'.
src/os/ubuntu/apps/Terminal/components/TerminalMenu.tsx(4,32): error TS2307: Cannot find module '../../../../store' or its corresponding type declarations.
src/os/ubuntu/apps/Terminal/components/TerminalMenu.tsx(15,37): error TS7006: Parameter 'state' implicitly has an 'any' type.
src/os/ubuntu/apps/Terminal/components/TerminalPreferences.tsx(1,8): error TS6133: 'React' is declared but its value is never read.
src/os/ubuntu/apps/Terminal/components/TerminalPreferences.tsx(4,1): error TS6192: All imports in import declaration are unused.
src/os/ubuntu/apps/Terminal/components/TerminalPreferences.tsx(7,37): error TS6133: 'onClose' is declared but its value is never read.
src/os/ubuntu/apps/Terminal/components/TerminalSearch.tsx(1,46): error TS1484: 'KeyboardEvent' is a type and must be imported using a type-only import when 'verbatimModuleSyntax' is enabled.
src/os/ubuntu/apps/Terminal/components/TerminalTabBar.tsx(2,10): error TS6133: 'LucidePlus' is declared but its value is never read.
src/os/ubuntu/apps/Terminal/components/TerminalTabBar.tsx(13,109): error TS6133: 'onTabAdd' is declared but its value is never read.
src/os/ubuntu/apps/Terminal/components/TerminalTabBar.tsx(16,23): error TS6133: 'index' is declared but its value is never read.
src/os/ubuntu/apps/Terminal/engine/PTY.ts(505,25): error TS2339: Property 'mode' does not exist on type 'VFSNode'.
src/os/ubuntu/store/useUbuntuWindowStore.ts(32,7): error TS2741: Property '"terminal-preferences"' is missing in type '{ terminal: { width: number; height: number; }; 'file-manager': { width: number; height: number; }; browser: { width: number; height: number; }; 'text-editor': { width: number; height: number; }; calculator: { ...; }; ... 8 more ...; 'system-monitor': { ...; }; }' but required in type 'Record<AppId, { width: number; height: number; }>'.
src/os/ubuntu/store/useUbuntuWindowStore.ts(49,7): error TS2741: Property '"terminal-preferences"' is missing in type '{ terminal: string; 'file-manager': string; browser: string; 'text-editor': string; calculator: string; settings: string; clock: string; 'image-viewer': string; 'video-player': string; 'document-viewer': string; 'disk-usage-analyzer': string; welcome: string; 'error-reporter': string; 'system-monitor': string; }' but required in type 'Record<AppId, string>'.
